#-----------------------------------------------------------
# Vivado v2018.2 (64-bit)
# SW Build 2258646 on Thu Jun 14 20:02:38 MDT 2018
# IP Build 2256618 on Thu Jun 14 22:10:49 MDT 2018
# Start of session at: Tue May 21 20:17:59 2024
# Process ID: 9426
# Current directory: /nfs/home/a/ac_pate/COEN313/mylab2/code
# Command line: vivado
# Log file: /nfs/home/a/ac_pate/COEN313/mylab2/code/vivado.log
# Journal file: /nfs/home/a/ac_pate/COEN313/mylab2/code/vivado.jou
#-----------------------------------------------------------
start_gui
create_project lab2 /nfs/home/a/ac_pate/COEN313/mylab2/code/lab2 -part xc7a100tcsg324-1
set_property target_language VHDL [current_project]
add_files -norecurse {/nfs/home/a/ac_pate/COEN313/mylab2/code/sum_of_minterms.vhd /nfs/home/a/ac_pate/COEN313/mylab2/code/or3_gate.vhd /nfs/home/a/ac_pate/COEN313/mylab2/code/and3_gate.vhd}
import_files -force -norecurse
import_files -fileset constrs_1 -force -norecurse /nfs/home/a/ac_pate/COEN313/mylab2/code/s_o_m.xdc
update_compile_order -fileset sources_1
synth_design -rtl -name rtl_1
write_schematic -format pdf -orientation portrait /nfs/home/a/ac_pate/COEN313/mylab2/code/schematic.pdf
launch_runs synth_1 -jobs 2
wait_on_run synth_1
launch_runs impl_1 -jobs 2
wait_on_run impl_1
launch_runs impl_1 -to_step write_bitstream -jobs 2
wait_on_run impl_1
close_design
open_run impl_1
open_hw
connect_hw_server
open_hw_target
set_property PROGRAM.FILE {/nfs/home/a/ac_pate/COEN313/mylab2/code/lab2/lab2.runs/impl_1/sum_of_minterms.bit} [get_hw_devices xc7a100t_0]
current_hw_device [get_hw_devices xc7a100t_0]
refresh_hw_device -update_hw_probes false [lindex [get_hw_devices xc7a100t_0] 0]
refresh_hw_device [lindex [get_hw_devices xc7a100t_0] 0]
set_property PROBES.FILE {} [get_hw_devices xc7a100t_0]
set_property FULL_PROBES.FILE {} [get_hw_devices xc7a100t_0]
set_property PROGRAM.FILE {/nfs/home/a/ac_pate/COEN313/mylab2/code/lab2/lab2.runs/impl_1/sum_of_minterms.bit} [get_hw_devices xc7a100t_0]
program_hw_devices [get_hw_devices xc7a100t_0]
refresh_hw_device [lindex [get_hw_devices xc7a100t_0] 0]
